[2026-04-16 12:11:35] [INFO] 🚀 Starting modular installer
[2026-04-16 12:11:35] [INFO] Profile: security-dev
[2026-04-16 12:11:35] [INFO] 
[2026-04-16 12:11:35] [INFO] ========================================
[2026-04-16 12:11:35] [INFO] 🚀 Installer Initialization
[2026-04-16 12:11:35] [INFO] ========================================
[2026-04-16 12:11:35] [DEBUG] Using YAML parser: yq
[2026-04-16 12:11:35] [INFO] 
[2026-04-16 12:11:35] [INFO] ========================================
[2026-04-16 12:11:35] [INFO] 🚀 System Requirements Check
[2026-04-16 12:11:35] [INFO] ========================================
[2026-04-16 12:11:36] [INFO] ✅ System requirements met
[2026-04-16 12:11:36] [INFO] ✅ Installer initialized successfully
[2026-04-16 12:11:36] [INFO] Modules to install: system.full development.full security.full
[2026-04-16 12:11:36] [INFO] 
[2026-04-16 12:11:36] [INFO] ========================================
[2026-04-16 12:11:36] [INFO] 🚀 Installing system module (full)
[2026-04-16 12:11:36] [INFO] ========================================
[2026-04-16 12:11:36] [INFO] 
[2026-04-16 12:11:36] [INFO] ========================================
[2026-04-16 12:11:36] [INFO] 🚀 System Module Installation (full)
[2026-04-16 12:11:36] [INFO] ========================================
[2026-04-16 12:11:36] [INFO] 
[2026-04-16 12:11:36] [INFO] ========================================
[2026-04-16 12:11:36] [INFO] 🚀 Updating System Packages
[2026-04-16 12:11:36] [INFO] ========================================
[2026-04-16 12:11:36] [INFO] 
[2026-04-16 12:11:36] [INFO] → Synchronizing package databases
[2026-04-16 12:11:36] [INFO] 
[2026-04-16 12:11:36] [INFO] → Upgrading packages
[2026-04-16 12:11:37] [INFO] ✅ System packages updated
[2026-04-16 12:11:37] [INFO] 
[2026-04-16 12:11:37] [INFO] ========================================
[2026-04-16 12:11:37] [INFO] 🚀 Hardware Detection
[2026-04-16 12:11:37] [INFO] ========================================
[2026-04-16 12:11:37] [INFO] CPU: AMD Ryzen AI 5 340 w/ Radeon 840M
[2026-04-16 12:11:37] [INFO] GPU: AMD Ryzen AI 5
Not detected (unknown)
[2026-04-16 12:11:37] [INFO] RAM: 14Gi
[2026-04-16 12:11:37] [INFO] Date: April 16, 2026
[2026-04-16 12:11:37] [INFO] 
[2026-04-16 12:11:37] [INFO] ========================================
[2026-04-16 12:11:37] [INFO] 🚀 Installing System Packages (full)
[2026-04-16 12:11:37] [INFO] ========================================
[2026-04-16 12:11:37] [INFO] [1/17] base-devel
[2026-04-16 12:11:37] [INFO] Package already installed: base-devel
[2026-04-16 12:11:37] [INFO] [2/17] git
[2026-04-16 12:11:38] [INFO] Package already installed: git
[2026-04-16 12:11:38] [INFO] [3/17] curl
[2026-04-16 12:11:38] [INFO] Package already installed: curl
[2026-04-16 12:11:38] [INFO] [4/17] wget
[2026-04-16 12:11:38] [INFO] Package already installed: wget
[2026-04-16 12:11:38] [INFO] [5/17] reflector
[2026-04-16 12:11:38] [INFO] Package already installed: reflector
[2026-04-16 12:11:39] [INFO] [6/17] docker
[2026-04-16 12:11:39] [INFO] Package already installed: docker
[2026-04-16 12:11:39] [INFO] [7/17] tlp
[2026-04-16 12:11:39] [INFO] Package already installed: tlp
[2026-04-16 12:11:40] [INFO] [8/17] ufw
[2026-04-16 12:11:40] [INFO] Package already installed: ufw
[2026-04-16 12:11:40] [INFO] [9/17] zsh
[2026-04-16 12:11:40] [INFO] Package already installed: zsh
[2026-04-16 12:11:41] [INFO] [10/17] jq
[2026-04-16 12:11:41] [INFO] Package already installed: jq
[2026-04-16 12:11:41] [INFO] [11/17] helm
[2026-04-16 12:11:41] [INFO] Package already installed: helm
[2026-04-16 12:11:42] [INFO] [12/17] gocryptfs
[2026-04-16 12:11:42] [INFO] Package already installed: gocryptfs
[2026-04-16 12:11:43] [INFO] [13/17] gnupg
[2026-04-16 12:11:43] [INFO] Package already installed: gnupg
[2026-04-16 12:11:44] [INFO] [14/17] openssh
[2026-04-16 12:11:44] [INFO] Package already installed: openssh
[2026-04-16 12:11:44] [INFO] [15/17] pinentry
[2026-04-16 12:11:44] [INFO] Package already installed: pinentry
[2026-04-16 12:11:45] [INFO] [16/17] haveged
[2026-04-16 12:11:45] [INFO] Package already installed: haveged
[2026-04-16 12:11:46] [INFO] [17/17] unhide
[2026-04-16 12:11:46] [INFO] 
[2026-04-16 12:11:46] [INFO] → Installing Hidden process detection tool (unhide)
[2026-04-16 12:11:49] [INFO] ✅ Installed unhide
[2026-04-16 12:11:49] [INFO] ✅ System packages installation completed (full)
[2026-04-16 12:11:49] [INFO] 
[2026-04-16 12:11:49] [INFO] ========================================
[2026-04-16 12:11:49] [INFO] 🚀 Installing ROCm Packages
[2026-04-16 12:11:49] [INFO] ========================================
[2026-04-16 12:11:49] [INFO] ROCm installation skipped (category: full)
[2026-04-16 12:11:49] [INFO] 
[2026-04-16 12:11:49] [INFO] ========================================
[2026-04-16 12:11:49] [INFO] 🚀 Enabling System Services
[2026-04-16 12:11:49] [INFO] ========================================
[2026-04-16 12:11:50] [INFO] 
[2026-04-16 12:11:50] [INFO] → Enabling service: docker service
[2026-04-16 12:11:50] [INFO] ✅ Enabled and started docker
[2026-04-16 12:11:51] [INFO] 
[2026-04-16 12:11:51] [INFO] → Enabling service: tlp service
[2026-04-16 12:11:51] [INFO] ✅ Enabled and started tlp
[2026-04-16 12:11:51] [INFO] 
[2026-04-16 12:11:51] [INFO] → Enabling service: ufw service
[2026-04-16 12:11:51] [INFO] ✅ Enabled and started ufw
[2026-04-16 12:11:51] [INFO] 
[2026-04-16 12:11:51] [INFO] → Enabling service: haveged service
[2026-04-16 12:11:51] [INFO] ✅ Enabled and started haveged
[2026-04-16 12:11:51] [INFO] ✅ System services configured
[2026-04-16 12:11:51] [INFO] 
[2026-04-16 12:11:51] [INFO] ========================================
[2026-04-16 12:11:51] [INFO] 🚀 Configuring User Groups
[2026-04-16 12:11:51] [INFO] ========================================
[2026-04-16 12:11:51] [INFO] 
[2026-04-16 12:11:51] [INFO] → Adding user sustainableabundance to group docker
[2026-04-16 12:11:51] [INFO] ✅ Added sustainableabundance to docker
[2026-04-16 12:11:51] [INFO] 
[2026-04-16 12:11:51] [INFO] → Adding user sustainableabundance to group video
[2026-04-16 12:11:51] [INFO] ✅ Added sustainableabundance to video
[2026-04-16 12:11:51] [INFO] 
[2026-04-16 12:11:51] [INFO] → Adding user sustainableabundance to group render
[2026-04-16 12:11:51] [INFO] ✅ Added sustainableabundance to render
[2026-04-16 12:11:51] [INFO] Note: Log out and back in for group changes to take effect
[2026-04-16 12:11:51] [INFO] ✅ User groups configured
[2026-04-16 12:11:51] [INFO] ✅ System module installation completed (full)
[2026-04-16 12:11:51] [INFO] 
[2026-04-16 12:11:51] [INFO] ========================================
[2026-04-16 12:11:51] [INFO] 🚀 Installing development module (full)
[2026-04-16 12:11:51] [INFO] ========================================
[2026-04-16 12:11:51] [INFO] 
[2026-04-16 12:11:51] [INFO] ========================================
[2026-04-16 12:11:51] [INFO] 🚀 Development Tools Module Installation (full)
[2026-04-16 12:11:51] [INFO] ========================================
[2026-04-16 12:11:51] [INFO] 
[2026-04-16 12:11:51] [INFO] ========================================
[2026-04-16 12:11:51] [INFO] 🚀 Installing mise (Runtime Manager)
[2026-04-16 12:11:51] [INFO] ========================================
[2026-04-16 12:11:51] [INFO] mise already installed
[2026-04-16 12:11:51] [DEBUG] Could not self-update mise
[2026-04-16 12:11:51] [INFO] 
[2026-04-16 12:11:51] [INFO] ========================================
[2026-04-16 12:11:51] [INFO] 🚀 Installing Language Versions with mise
[2026-04-16 12:11:51] [INFO] ========================================
[2026-04-16 12:11:51] [INFO] 
[2026-04-16 12:11:51] [INFO] → Installing Python 3.12
[2026-04-16 12:11:51] [INFO] 
[2026-04-16 12:11:51] [INFO] → Installing Python 3.13
[2026-04-16 12:11:51] [INFO] 
[2026-04-16 12:11:51] [INFO] → Installing Python 3.14
[2026-04-16 12:11:51] [INFO] 
[2026-04-16 12:11:51] [INFO] → Installing Node 22
[2026-04-16 12:11:51] [INFO] 
[2026-04-16 12:11:51] [INFO] → Installing Node lts
[2026-04-16 12:11:51] [INFO] 
[2026-04-16 12:11:51] [INFO] → Installing Rust stable
[2026-04-16 12:11:52] [INFO] ✅ Language versions configured
[2026-04-16 12:11:52] [INFO] 
[2026-04-16 12:11:52] [INFO] ========================================
[2026-04-16 12:11:52] [INFO] 🚀 Installing uv (Python Package Manager)
[2026-04-16 12:11:52] [INFO] ========================================
[2026-04-16 12:11:52] [INFO] uv already installed
[2026-04-16 12:11:52] [DEBUG] Could not self-update uv
[2026-04-16 12:11:52] [INFO] ✅ Development tools module installation completed (full)
[2026-04-16 12:11:52] [INFO] 
[2026-04-16 12:11:52] [INFO] ========================================
[2026-04-16 12:11:52] [INFO] 🚀 Installing security module (full)
[2026-04-16 12:11:52] [INFO] ========================================
[2026-04-16 12:11:52] [INFO] 
[2026-04-16 12:11:52] [INFO] ========================================
[2026-04-16 12:11:52] [INFO] 🚀 Security Tools Module Installation (full)
[2026-04-16 12:11:52] [INFO] ========================================
[2026-04-16 12:11:52] [INFO] 
[2026-04-16 12:11:52] [INFO] ========================================
[2026-04-16 12:11:52] [INFO] 🚀 Installing k3s (Kubernetes)
[2026-04-16 12:11:52] [INFO] ========================================
[2026-04-16 12:11:52] [INFO] k3s already running
[2026-04-16 12:11:52] [INFO] 
[2026-04-16 12:11:52] [INFO] ========================================
[2026-04-16 12:11:52] [INFO] 🚀 Configuring kubeconfig
[2026-04-16 12:11:52] [INFO] ========================================
[2026-04-16 12:11:52] [INFO] kubeconfig already configured
[2026-04-16 12:11:52] [INFO] 
[2026-04-16 12:11:52] [INFO] ========================================
[2026-04-16 12:11:52] [INFO] 🚀 Installing Cilium
[2026-04-16 12:11:52] [INFO] ========================================
[2026-04-16 12:11:52] [INFO] Cilium already installed
[2026-04-16 12:11:52] [INFO] 
[2026-04-16 12:11:52] [INFO] ========================================
[2026-04-16 12:11:52] [INFO] 🚀 Installing Tetragon
[2026-04-16 12:11:52] [INFO] ========================================
[2026-04-16 12:12:16] [WARN] Tetragon rollout did not complete within timeout
[2026-04-16 12:12:16] [INFO] ✅ Tetragon installed
[2026-04-16 12:12:16] [INFO] 
[2026-04-16 12:12:16] [INFO] ========================================
[2026-04-16 12:12:16] [INFO] 🚀 Setting up Encrypted Vault
[2026-04-16 12:12:16] [INFO] ========================================
[2026-04-16 12:12:16] [INFO] Encrypted vault already initialized at /home/sustainableabundance/.securevaultenc
[2026-04-16 12:12:16] [INFO] Vault already mounted at /home/sustainableabundance/securevault
[2026-04-16 12:12:16] [INFO] 
[2026-04-16 12:12:16] [INFO] ========================================
[2026-04-16 12:12:16] [INFO] 🚀 Installing OSV-Scanner
[2026-04-16 12:12:16] [INFO] ========================================
[2026-04-16 12:12:16] [INFO] OSV-Scanner already installed
[2026-04-16 12:12:16] [INFO] 
[2026-04-16 12:12:16] [INFO] ========================================
[2026-04-16 12:12:16] [INFO] 🚀 Installing Grype
[2026-04-16 12:12:16] [INFO] ========================================
[2026-04-16 12:12:16] [INFO] Grype already installed
[2026-04-16 12:12:16] [INFO] 
[2026-04-16 12:12:16] [INFO] ========================================
[2026-04-16 12:12:16] [INFO] 🚀 Installing Syft
[2026-04-16 12:12:16] [INFO] ========================================
[2026-04-16 12:12:16] [INFO] Syft already installed
[2026-04-16 12:12:16] [INFO] 
[2026-04-16 12:12:16] [INFO] ========================================
[2026-04-16 12:12:16] [INFO] 🚀 Installing pip-audit
[2026-04-16 12:12:16] [INFO] ========================================
[2026-04-16 12:12:16] [INFO] pip-audit already installed
[2026-04-16 12:12:16] [INFO] 
[2026-04-16 12:12:16] [INFO] ========================================
[2026-04-16 12:12:16] [INFO] 🚀 Installing cargo-audit
[2026-04-16 12:12:16] [INFO] ========================================
[2026-04-16 12:12:16] [INFO] cargo-audit already installed
[2026-04-16 12:12:16] [INFO] ✅ Security tools module installation completed (full)
[2026-04-16 12:12:16] [INFO] 
[2026-04-16 12:12:16] [INFO] ========================================
[2026-04-16 12:12:16] [INFO] 🚀 Post-Installation Validation
[2026-04-16 12:12:16] [INFO] ========================================
[2026-04-16 12:12:16] [INFO] ✅ Package validated: Git
[2026-04-16 12:12:16] [INFO] ✅ Package validated: Docker
[2026-04-16 12:12:16] [INFO] ✅ Service running: Docker service
[2026-04-16 12:12:16] [INFO] ✅ Package validated: TLP
[2026-04-16 12:12:16] [INFO] ✅ Service running: TLP service
[2026-04-16 12:12:16] [INFO] ✅ Package validated: UFW
[2026-04-16 12:12:16] [INFO] ✅ Service running: UFW service
[2026-04-16 12:12:16] [INFO] 
[2026-04-16 12:12:16] [INFO] → Validating mise installation
[2026-04-16 12:12:16] [INFO] ✅ mise is available
[2026-04-16 12:12:16] [INFO] 
[2026-04-16 12:12:16] [INFO] → Validating uv installation
[2026-04-16 12:12:16] [INFO] ✅ uv is available
[2026-04-16 12:12:16] [INFO] 
[2026-04-16 12:12:16] [INFO] → Validating ROCm installation
[2026-04-16 12:12:16] [INFO] ✅ ROCm GPU detected: AMD Ryzen AI 5
Unknown
[2026-04-16 12:12:16] [INFO] ✅ Command available: Conda
[2026-04-16 12:12:16] [INFO] 
[2026-04-16 12:12:16] [INFO] → Validating Kubernetes cluster
[2026-04-16 12:12:16] [INFO] ✅ Kubernetes cluster accessible (1 nodes)
[2026-04-16 12:12:16] [INFO] 
[2026-04-16 12:12:16] [INFO] → Validating Cilium
[2026-04-16 12:12:17] [INFO] ✅ Cilium is healthy
[2026-04-16 12:12:17] [INFO] 
[2026-04-16 12:12:17] [INFO] → Validating Tetragon
[2026-04-16 12:12:17] [INFO] ✅ Tetragon daemonset deployed
[2026-04-16 12:12:17] [INFO] ✅ Mount point active: /home/sustainableabundance/securevault: Encrypted vault
[2026-04-16 12:12:17] [INFO] ✅ All validation checks passed
[2026-04-16 12:12:17] [INFO] ✅ Installation completed successfully!